// Jest Snapshot v1, https://goo.gl/fbAQLP

exports[`App render snapshot 1`] = `
<div>
  <div>
    <img
      src=""
    />
    <img
      src=""
    />
    <img
      src=""
    />
    <img
      src=""
    />
    <img
      src=""
    />
  </div>
</div>
`;
